// Jest Snapshot v1, https://goo.gl/fbAQLP

exports[`Favorites component should render correctly 1`] = `
<View
  style={
    {
      "alignItems": "center",
      "margin": 4,
    }
  }
>
  <View
    accessibilityState={
      {
        "busy": undefined,
        "checked": undefined,
        "disabled": undefined,
        "expanded": undefined,
        "selected": undefined,
      }
    }
    accessibilityValue={
      {
        "max": undefined,
        "min": undefined,
        "now": undefined,
        "text": undefined,
      }
    }
    accessible={true}
    collapsable={false}
    focusable={true}
    onClick={[Function]}
    onResponderGrant={[Function]}
    onResponderMove={[Function]}
    onResponderRelease={[Function]}
    onResponderTerminate={[Function]}
    onResponderTerminationRequest={[Function]}
    onStartShouldSetResponder={[Function]}
    style={
      {
        "alignItems": "center",
        "backgroundColor": "#eee",
        "borderRadius": 5,
        "opacity": 1,
        "padding": 10,
      }
    }
    testID="favorite-status"
  >
    <Text
      style={
        {
          "marginRight": 10,
        }
      }
    >
      Add to favorites
    </Text>
    <Text />
  </View>
</View>
`;
