// Jest Snapshot v1, https://goo.gl/fbAQLP

exports[`DeleteContact should render the component correctly 1`] = `
<View
  style={
    {
      "alignItems": "flex-end",
      "flex": 1,
      "marginRight": 20,
    }
  }
>
  <View
    accessibilityState={
      {
        "busy": undefined,
        "checked": undefined,
        "disabled": undefined,
        "expanded": undefined,
        "selected": undefined,
      }
    }
    accessibilityValue={
      {
        "max": undefined,
        "min": undefined,
        "now": undefined,
        "text": undefined,
      }
    }
    accessible={true}
    collapsable={false}
    focusable={true}
    onClick={[Function]}
    onResponderGrant={[Function]}
    onResponderMove={[Function]}
    onResponderRelease={[Function]}
    onResponderTerminate={[Function]}
    onResponderTerminationRequest={[Function]}
    onStartShouldSetResponder={[Function]}
    style={
      {
        "alignItems": "center",
        "backgroundColor": "#eee",
        "borderRadius": 5,
        "opacity": 1,
        "padding": 10,
      }
    }
    testID="delete-contact"
  >
    <Text>
      Delete
    </Text>
    <Text>
      Contact
    </Text>
    <Text
      allowFontScaling={false}
      selectable={false}
      style={
        [
          {
            "color": undefined,
            "fontSize": 12,
          },
          {
            "color": "green",
            "fontSize": 22,
          },
          {
            "fontFamily": "anticon",
            "fontStyle": "normal",
            "fontWeight": "normal",
          },
          {},
        ]
      }
    >
      îšŸ
    </Text>
  </View>
  <Modal
    animationType="slide"
    hardwareAccelerated={false}
    onRequestClose={[Function]}
    transparent={true}
    visible={false}
  />
</View>
`;
