// Jest Snapshot v1, https://goo.gl/fbAQLP

exports[`Notes component should render correctly 1`] = `
<View
  style={
    {
      "alignItems": "center",
      "flex": 1,
      "justifyContent": "center",
      "padding": 16,
      "width": "100%",
    }
  }
>
  <Text
    style={
      {
        "fontSize": 15,
        "marginBottom": 8,
      }
    }
  >
    Additional Contact Notes
  </Text>
  <TextInput
    multiline={true}
    onChangeText={[Function]}
    placeholder="You can make notes here..."
    style={
      {
        "borderColor": "#ccc",
        "borderRadius": 4,
        "borderWidth": 1,
        "marginBottom": 8,
        "padding": 8,
      }
    }
    value="Initial notes"
  />
</View>
`;
