// Jest Snapshot v1, https://goo.gl/fbAQLP

exports[`ContactDetails component should render \`ContactDetails\` component correctly 1`] = `
<View
  style={
    {
      "flex": 1,
    }
  }
>
  <RNCSafeAreaProvider
    onInsetsChange={[Function]}
    style={
      [
        {
          "flex": 1,
        },
        undefined,
      ]
    }
  >
    <View
      style={
        [
          {
            "backgroundColor": "rgb(242, 242, 242)",
            "flex": 1,
          },
          undefined,
        ]
      }
    >
      <View
        collapsable={false}
        pointerEvents="box-none"
        style={
          {
            "zIndex": 1,
          }
        }
      >
        <View
          accessibilityElementsHidden={false}
          importantForAccessibility="auto"
          onLayout={[Function]}
          pointerEvents="box-none"
          style={null}
        >
          <View
            collapsable={false}
            pointerEvents="box-none"
            style={
              {
                "bottom": 0,
                "left": 0,
                "opacity": 1,
                "position": "absolute",
                "right": 0,
                "top": 0,
                "zIndex": 0,
              }
            }
          >
            <View
              collapsable={false}
              style={
                {
                  "backgroundColor": "rgb(255, 255, 255)",
                  "borderBottomColor": "rgb(216, 216, 216)",
                  "flex": 1,
                  "shadowColor": "rgb(216, 216, 216)",
                  "shadowOffset": {
                    "height": 0.5,
                    "width": 0,
                  },
                  "shadowOpacity": 0.85,
                  "shadowRadius": 0,
                }
              }
            />
          </View>
          <View
            collapsable={false}
            pointerEvents="box-none"
            style={
              {
                "height": 44,
                "maxHeight": undefined,
                "minHeight": undefined,
                "opacity": undefined,
                "transform": undefined,
              }
            }
          >
            <View
              pointerEvents="none"
              style={
                {
                  "height": 0,
                }
              }
            />
            <View
              pointerEvents="box-none"
              style={
                {
                  "alignItems": "stretch",
                  "flex": 1,
                  "flexDirection": "row",
                }
              }
            >
              <View
                collapsable={false}
                pointerEvents="box-none"
                style={
                  {
                    "alignItems": "flex-start",
                    "flexBasis": 0,
                    "flexGrow": 1,
                    "justifyContent": "center",
                    "marginStart": 0,
                    "opacity": 1,
                  }
                }
              />
              <View
                collapsable={false}
                pointerEvents="box-none"
                style={
                  {
                    "justifyContent": "center",
                    "marginHorizontal": 16,
                    "maxWidth": 718,
                    "opacity": 1,
                  }
                }
              >
                <Text
                  accessibilityRole="header"
                  aria-level="1"
                  collapsable={false}
                  numberOfLines={1}
                  onLayout={[Function]}
                  style={
                    {
                      "color": "rgb(28, 28, 30)",
                      "fontSize": 17,
                      "fontWeight": "600",
                    }
                  }
                >
                  Contact Details
                </Text>
              </View>
              <View
                collapsable={false}
                pointerEvents="box-none"
                style={
                  {
                    "alignItems": "flex-end",
                    "flexBasis": 0,
                    "flexGrow": 1,
                    "justifyContent": "center",
                    "marginEnd": 0,
                    "opacity": 1,
                  }
                }
              />
            </View>
          </View>
        </View>
      </View>
      <RNSScreenContainer
        onLayout={[Function]}
        style={
          {
            "flex": 1,
          }
        }
      >
        <RNSScreen
          activityState={2}
          collapsable={false}
          forwardedRef={[Function]}
          gestureResponseDistance={
            {
              "bottom": -1,
              "end": -1,
              "start": -1,
              "top": -1,
            }
          }
          pointerEvents="box-none"
          style={
            {
              "bottom": 0,
              "left": 0,
              "position": "absolute",
              "right": 0,
              "top": 0,
            }
          }
        >
          <View
            collapsable={false}
            style={
              {
                "opacity": 1,
              }
            }
          />
          <View
            accessibilityElementsHidden={false}
            closing={false}
            gestureVelocityImpact={0.3}
            importantForAccessibility="auto"
            onClose={[Function]}
            onGestureBegin={[Function]}
            onGestureCanceled={[Function]}
            onGestureEnd={[Function]}
            onOpen={[Function]}
            onTransition={[Function]}
            pointerEvents="box-none"
            style={
              [
                {
                  "display": "flex",
                  "overflow": undefined,
                },
                {
                  "bottom": 0,
                  "left": 0,
                  "position": "absolute",
                  "right": 0,
                  "top": 0,
                },
              ]
            }
            transitionSpec={
              {
                "close": {
                  "animation": "spring",
                  "config": {
                    "damping": 500,
                    "mass": 3,
                    "overshootClamping": true,
                    "restDisplacementThreshold": 10,
                    "restSpeedThreshold": 10,
                    "stiffness": 1000,
                  },
                },
                "open": {
                  "animation": "spring",
                  "config": {
                    "damping": 500,
                    "mass": 3,
                    "overshootClamping": true,
                    "restDisplacementThreshold": 10,
                    "restSpeedThreshold": 10,
                    "stiffness": 1000,
                  },
                },
              }
            }
          >
            <View
              collapsable={false}
              pointerEvents="box-none"
              style={
                {
                  "flex": 1,
                }
              }
            >
              <View
                collapsable={false}
                forwardedRef={[Function]}
                handlerTag={1}
                handlerType="PanGestureHandler"
                needsOffscreenAlphaCompositing={false}
                onGestureHandlerEvent={[Function]}
                onGestureHandlerStateChange={[Function]}
                style={
                  {
                    "flex": 1,
                    "transform": [
                      {
                        "translateX": 0,
                      },
                      {
                        "translateX": 0,
                      },
                    ],
                  }
                }
              >
                <View
                  pointerEvents="box-none"
                  style={
                    [
                      {
                        "flex": 1,
                        "overflow": "hidden",
                      },
                      [
                        {
                          "backgroundColor": "rgb(242, 242, 242)",
                        },
                        undefined,
                      ],
                    ]
                  }
                >
                  <View
                    style={
                      {
                        "flex": 1,
                        "flexDirection": "column-reverse",
                      }
                    }
                  >
                    <View
                      style={
                        {
                          "flex": 1,
                        }
                      }
                    >
                      <RNCSafeAreaProvider
                        onInsetsChange={[Function]}
                        style={
                          [
                            {
                              "flex": 1,
                            },
                            undefined,
                          ]
                        }
                      >
                        <RCTScrollView
                          style={
                            {
                              "backgroundColor": "purple",
                            }
                          }
                        >
                          <View>
                            <ViewManagerAdapter_ExpoLinearGradient
                              proxiedProperties={
                                {
                                  "colors": [
                                    4286578816,
                                    4286578688,
                                    4286578816,
                                  ],
                                  "endPoint": undefined,
                                  "locations": undefined,
                                  "startPoint": undefined,
                                }
                              }
                              style={
                                {
                                  "flex": 1,
                                  "justifyContent": "center",
                                }
                              }
                            >
                              <View
                                style={
                                  {
                                    "alignItems": "center",
                                    "flexDirection": "row",
                                    "justifyContent": "space-between",
                                    "marginHorizontal": 50,
                                    "marginTop": 10,
                                  }
                                }
                              >
                                <View
                                  style={
                                    {
                                      "alignItems": "center",
                                      "margin": 4,
                                    }
                                  }
                                >
                                  <View
                                    accessibilityState={
                                      {
                                        "busy": undefined,
                                        "checked": undefined,
                                        "disabled": undefined,
                                        "expanded": undefined,
                                        "selected": undefined,
                                      }
                                    }
                                    accessibilityValue={
                                      {
                                        "max": undefined,
                                        "min": undefined,
                                        "now": undefined,
                                        "text": undefined,
                                      }
                                    }
                                    accessible={true}
                                    collapsable={false}
                                    focusable={true}
                                    onClick={[Function]}
                                    onResponderGrant={[Function]}
                                    onResponderMove={[Function]}
                                    onResponderRelease={[Function]}
                                    onResponderTerminate={[Function]}
                                    onResponderTerminationRequest={[Function]}
                                    onStartShouldSetResponder={[Function]}
                                    style={
                                      {
                                        "alignItems": "center",
                                        "backgroundColor": "#eee",
                                        "borderRadius": 5,
                                        "opacity": 1,
                                        "padding": 10,
                                      }
                                    }
                                    testID="favorite-status"
                                  >
                                    <Text
                                      style={
                                        {
                                          "marginRight": 10,
                                        }
                                      }
                                    >
                                      Add to favorites
                                    </Text>
                                    <Text
                                      allowFontScaling={false}
                                      selectable={false}
                                      style={
                                        [
                                          {
                                            "color": undefined,
                                            "fontSize": 12,
                                          },
                                          {
                                            "fontSize": 20,
                                          },
                                          {
                                            "fontFamily": "anticon",
                                            "fontStyle": "normal",
                                            "fontWeight": "normal",
                                          },
                                          {},
                                        ]
                                      }
                                    >
                                      
                                    </Text>
                                  </View>
                                </View>
                                <View
                                  style={
                                    {
                                      "alignItems": "flex-end",
                                      "flex": 1,
                                      "marginRight": 20,
                                    }
                                  }
                                >
                                  <View
                                    accessibilityState={
                                      {
                                        "busy": undefined,
                                        "checked": undefined,
                                        "disabled": undefined,
                                        "expanded": undefined,
                                        "selected": undefined,
                                      }
                                    }
                                    accessibilityValue={
                                      {
                                        "max": undefined,
                                        "min": undefined,
                                        "now": undefined,
                                        "text": undefined,
                                      }
                                    }
                                    accessible={true}
                                    collapsable={false}
                                    focusable={true}
                                    onClick={[Function]}
                                    onResponderGrant={[Function]}
                                    onResponderMove={[Function]}
                                    onResponderRelease={[Function]}
                                    onResponderTerminate={[Function]}
                                    onResponderTerminationRequest={[Function]}
                                    onStartShouldSetResponder={[Function]}
                                    style={
                                      {
                                        "alignItems": "center",
                                        "backgroundColor": "#eee",
                                        "borderRadius": 5,
                                        "opacity": 1,
                                        "padding": 10,
                                      }
                                    }
                                    testID="delete-contact"
                                  >
                                    <Text>
                                      Delete
                                    </Text>
                                    <Text>
                                      Contact
                                    </Text>
                                    <Text
                                      allowFontScaling={false}
                                      selectable={false}
                                      style={
                                        [
                                          {
                                            "color": undefined,
                                            "fontSize": 12,
                                          },
                                          {
                                            "color": "green",
                                            "fontSize": 22,
                                          },
                                          {
                                            "fontFamily": "anticon",
                                            "fontStyle": "normal",
                                            "fontWeight": "normal",
                                          },
                                          {},
                                        ]
                                      }
                                    >
                                      
                                    </Text>
                                  </View>
                                  <Modal
                                    animationType="slide"
                                    hardwareAccelerated={false}
                                    onRequestClose={[Function]}
                                    transparent={true}
                                    visible={false}
                                  />
                                </View>
                              </View>
                              <View
                                style={
                                  {
                                    "backgroundColor": "#f8f8f8",
                                    "borderRadius": 8,
                                    "margin": 20,
                                    "padding": 16,
                                  }
                                }
                              >
                                <View
                                  style={
                                    {
                                      "alignItems": "center",
                                      "flexDirection": "row",
                                      "marginBottom": 8,
                                    }
                                  }
                                >
                                  <Text
                                    allowFontScaling={false}
                                    selectable={false}
                                    style={
                                      [
                                        {
                                          "color": undefined,
                                          "fontSize": 12,
                                        },
                                        {
                                          "color": "green",
                                          "fontSize": 20,
                                          "marginRight": 8,
                                        },
                                        {
                                          "fontFamily": "material",
                                          "fontStyle": "normal",
                                          "fontWeight": "normal",
                                        },
                                        {},
                                      ]
                                    }
                                  >
                                    
                                  </Text>
                                  <View
                                    style={
                                      {
                                        "marginLeft": 7,
                                      }
                                    }
                                  >
                                    <Text
                                      style={
                                        {
                                          "fontSize": 16,
                                        }
                                      }
                                    >
                                      Name
                                    </Text>
                                    <Text
                                      style={
                                        {
                                          "backgroundColor": "#054405",
                                          "borderRadius": 15,
                                          "color": "white",
                                          "fontSize": 16,
                                          "padding": 3,
                                        }
                                      }
                                    >
                                      Tshediso Boshiana
                                    </Text>
                                  </View>
                                </View>
                                <View
                                  style={
                                    [
                                      {
                                        "backgroundColor": "pink",
                                        "height": 1,
                                        "marginEnd": undefined,
                                        "marginStart": 16,
                                      },
                                      {
                                        "margin": 5,
                                      },
                                    ]
                                  }
                                />
                                <View
                                  style={
                                    {
                                      "alignItems": "center",
                                      "flexDirection": "row",
                                      "marginBottom": 8,
                                    }
                                  }
                                >
                                  <Text
                                    allowFontScaling={false}
                                    selectable={false}
                                    style={
                                      [
                                        {
                                          "color": undefined,
                                          "fontSize": 12,
                                        },
                                        {
                                          "color": "green",
                                          "fontSize": 20,
                                          "marginRight": 8,
                                        },
                                        {
                                          "fontFamily": "material",
                                          "fontStyle": "normal",
                                          "fontWeight": "normal",
                                        },
                                        {},
                                      ]
                                    }
                                  >
                                    
                                  </Text>
                                  <View
                                    style={
                                      {
                                        "marginLeft": 7,
                                      }
                                    }
                                  >
                                    <Text
                                      style={
                                        {
                                          "fontSize": 16,
                                        }
                                      }
                                    >
                                      Email
                                    </Text>
                                    <Text
                                      style={
                                        {
                                          "backgroundColor": "#054405",
                                          "borderRadius": 15,
                                          "color": "white",
                                          "fontSize": 16,
                                          "padding": 3,
                                        }
                                      }
                                    >
                                      tshediso.boshiana@umuzi.org
                                    </Text>
                                  </View>
                                </View>
                                <View
                                  style={
                                    [
                                      {
                                        "backgroundColor": "pink",
                                        "height": 1,
                                        "marginEnd": undefined,
                                        "marginStart": 16,
                                      },
                                      {
                                        "margin": 5,
                                      },
                                    ]
                                  }
                                />
                                <View
                                  style={
                                    {
                                      "alignItems": "center",
                                      "flexDirection": "row",
                                      "marginBottom": 8,
                                    }
                                  }
                                >
                                  <Text
                                    allowFontScaling={false}
                                    selectable={false}
                                    style={
                                      [
                                        {
                                          "color": undefined,
                                          "fontSize": 12,
                                        },
                                        {
                                          "color": "green",
                                          "fontSize": 20,
                                          "marginRight": 8,
                                        },
                                        {
                                          "fontFamily": "material",
                                          "fontStyle": "normal",
                                          "fontWeight": "normal",
                                        },
                                        {},
                                      ]
                                    }
                                  >
                                    
                                  </Text>
                                  <View
                                    style={
                                      {
                                        "marginLeft": 7,
                                      }
                                    }
                                  >
                                    <Text
                                      style={
                                        {
                                          "fontSize": 16,
                                        }
                                      }
                                    >
                                      Profile Picture Link
                                    </Text>
                                    <View
                                      accessibilityState={
                                        {
                                          "busy": undefined,
                                          "checked": undefined,
                                          "disabled": undefined,
                                          "expanded": undefined,
                                          "selected": undefined,
                                        }
                                      }
                                      accessibilityValue={
                                        {
                                          "max": undefined,
                                          "min": undefined,
                                          "now": undefined,
                                          "text": undefined,
                                        }
                                      }
                                      accessible={true}
                                      collapsable={false}
                                      focusable={true}
                                      onClick={[Function]}
                                      onResponderGrant={[Function]}
                                      onResponderMove={[Function]}
                                      onResponderRelease={[Function]}
                                      onResponderTerminate={[Function]}
                                      onResponderTerminationRequest={[Function]}
                                      onStartShouldSetResponder={[Function]}
                                      style={
                                        {
                                          "opacity": 1,
                                        }
                                      }
                                      testID="profile-link"
                                    >
                                      <Image
                                        resizeMode="contain"
                                        source={
                                          {
                                            "uri": "https://github.com/tshedisoB.png",
                                          }
                                        }
                                        style={
                                          {
                                            "borderRadius": 5,
                                            "height": 70,
                                            "marginVertical": 5,
                                            "width": 70,
                                          }
                                        }
                                      />
                                    </View>
                                  </View>
                                </View>
                                <View
                                  style={
                                    [
                                      {
                                        "backgroundColor": "pink",
                                        "height": 1,
                                        "marginEnd": undefined,
                                        "marginStart": 16,
                                      },
                                      {
                                        "margin": 5,
                                      },
                                    ]
                                  }
                                />
                                <View
                                  style={
                                    {
                                      "alignItems": "center",
                                      "flexDirection": "row",
                                      "marginBottom": 8,
                                    }
                                  }
                                >
                                  <Text
                                    allowFontScaling={false}
                                    selectable={false}
                                    style={
                                      [
                                        {
                                          "color": undefined,
                                          "fontSize": 12,
                                        },
                                        {
                                          "color": "green",
                                          "fontSize": 20,
                                          "marginRight": 8,
                                        },
                                        {
                                          "fontFamily": "material",
                                          "fontStyle": "normal",
                                          "fontWeight": "normal",
                                        },
                                        {},
                                      ]
                                    }
                                  />
                                  <View
                                    style={
                                      {
                                        "marginLeft": 7,
                                      }
                                    }
                                  >
                                    <Text
                                      style={
                                        {
                                          "fontSize": 16,
                                        }
                                      }
                                    >
                                      Optional Info
                                    </Text>
                                    <Text
                                      style={
                                        {
                                          "color": "gray",
                                          "fontSize": 14,
                                        }
                                      }
                                    >
                                      Personal Website Link
                                    </Text>
                                    <Text
                                      onPress={[Function]}
                                      selectable={true}
                                      style={
                                        {
                                          "backgroundColor": "#054405",
                                          "borderRadius": 15,
                                          "color": "white",
                                          "fontSize": 16,
                                          "padding": 3,
                                        }
                                      }
                                      testID="website-link"
                                    >
                                      https://tshedisob.github.io/
                                    </Text>
                                  </View>
                                </View>
                                <View
                                  style={
                                    [
                                      {
                                        "backgroundColor": "pink",
                                        "height": 1,
                                        "marginEnd": undefined,
                                        "marginStart": 16,
                                      },
                                      {
                                        "margin": 5,
                                      },
                                    ]
                                  }
                                />
                                <View
                                  style={
                                    {
                                      "alignItems": "center",
                                      "flex": 1,
                                      "justifyContent": "center",
                                      "padding": 16,
                                      "width": "100%",
                                    }
                                  }
                                >
                                  <Text
                                    style={
                                      {
                                        "fontSize": 15,
                                        "marginBottom": 8,
                                      }
                                    }
                                  >
                                    Additional Contact Notes
                                  </Text>
                                  <TextInput
                                    multiline={true}
                                    onChangeText={[Function]}
                                    placeholder="You can make notes here..."
                                    style={
                                      {
                                        "borderColor": "#ccc",
                                        "borderRadius": 4,
                                        "borderWidth": 1,
                                        "marginBottom": 8,
                                        "padding": 8,
                                      }
                                    }
                                  />
                                </View>
                              </View>
                            </ViewManagerAdapter_ExpoLinearGradient>
                          </View>
                        </RCTScrollView>
                      </RNCSafeAreaProvider>
                    </View>
                  </View>
                </View>
              </View>
            </View>
          </View>
        </RNSScreen>
      </RNSScreenContainer>
    </View>
  </RNCSafeAreaProvider>
</View>
`;
